<html>
<body>
<pre>
<h1>µVision Build Log</h1>
<h2>Tool Versions:</h2>
IDE-Version: µVision V5.23.0.0
Copyright (C) 2017 ARM Ltd and ARM Germany GmbH. All rights reserved.
License Information: A. ., none, LIC=V852Z-J54ZC-BVR1G-VKB9W-KND09-N1AG7
 
Tool Versions:
Toolchain:       MDK-ARM Professional  Version: 5.23
Toolchain Path:  C:\Keil_v5\ARM\ARMCC\Bin
C Compiler:      Armcc.exe V5.06 update 4 (build 422)
Assembler:       Armasm.exe V5.06 update 4 (build 422)
Linker/Locator:  ArmLink.exe V5.06 update 4 (build 422)
Library Manager: ArmAr.exe V5.06 update 4 (build 422)
Hex Converter:   FromElf.exe V5.06 update 4 (build 422)
CPU DLL:         SARMCM3.DLL V5.23
Dialog DLL:      DCM.DLL V1.15.0.0
Target DLL:      STLink\ST-LINKIII-KEIL_SWO.dll V2.0.18.0
Dialog DLL:      TCM.DLL V1.27.0.0
 
<h2>Project:</h2>
C:\Users\Andrey\Documents\globallogic_course\GL_EmbeddedProCamp\lecture_1\stm32f3_blink.uvprojx
Project File Date:  09/19/2018

<h2>Output:</h2>
*** Using Compiler 'V5.06 update 4 (build 422)', folder: 'C:\Keil_v5\ARM\ARMCC\Bin'
Rebuild target 'stm32f303vct'
compiling system_stm32f30x.c...
compiling stm32f30x_it.c...
compiling stm32f30x_misc.c...
compiling main.c...
Application\main.c(132): warning:  #111-D: statement is unreachable
    return 0;
Application\main.c: 1 warning, 0 errors
assembling startup_stm32f303xc.s...
compiling stm32f30x_gpio.c...
compiling stm32f30x_rcc.c...
compiling stm32f30x_tim.c...
linking...
Program Size: Code=1736 RO-data=424 RW-data=4 ZI-data=1636  
".\Objects\stm32f3_blink.axf" - 0 Error(s), 1 Warning(s).

<h2>Collection of Component include folders:</h2>
  .\RTE\_stm32f303vct
  C:\Keil_v5\ARM\PACK\Keil\STM32F3xx_DFP\2.0.0\Drivers\CMSIS\Device\ST\STM32F3xx\Include

<h2>Collection of Component Files used:</h2>
Build Time Elapsed:  00:00:04
</pre>
</body>
</html>
